// Jest Snapshot v1, https://goo.gl/fbAQLP

exports[`snapshot  and AC button take snapshot 1`] = `
Object {
  "asFragment": [Function],
  "baseElement": <body>
    <div>
      <h2
        class="ma0 tc mt5 dib w-40 f2"
      >
        Let's do some math.
      </h2>
      <div
        id="calculator"
      >
        <small
          class="f5"
          role="note"
        />
        <section
          id="result-section"
        >
          <span
            id="result"
            role="math"
          >
            0
          </span>
        </section>
        <ul
          id="opertations-section"
        >
          <li
            class="row"
          >
            <button
              class="cell"
              type="button"
              value="AC"
            >
              AC
            </button>
            <button
              class="cell"
              type="button"
              value="+/-"
            >
              +/-
            </button>
            <button
              class="cell"
              type="button"
              value="%"
            >
              %
            </button>
            <button
              class="cell"
              type="button"
              value="รท"
            >
              รท
            </button>
          </li>
          <li
            class="row"
          >
            <button
              class="cell"
              type="button"
              value="7"
            >
              7
            </button>
            <button
              class="cell"
              type="button"
              value="8"
            >
              8
            </button>
            <button
              class="cell"
              type="button"
              value="9"
            >
              9
            </button>
            <button
              class="cell"
              type="button"
              value="x"
            >
              x
            </button>
          </li>
          <li
            class="row"
          >
            <button
              class="cell"
              type="button"
              value="4"
            >
              4
            </button>
            <button
              class="cell"
              type="button"
              value="5"
            >
              5
            </button>
            <button
              class="cell"
              type="button"
              value="6"
            >
              6
            </button>
            <button
              class="cell"
              type="button"
              value="-"
            >
              -
            </button>
          </li>
          <li
            class="row"
          >
            <button
              class="cell"
              type="button"
              value="1"
            >
              1
            </button>
            <button
              class="cell"
              type="button"
              value="2"
            >
              2
            </button>
            <button
              class="cell"
              type="button"
              value="3"
            >
              3
            </button>
            <button
              class="cell"
              type="button"
              value="+"
            >
              +
            </button>
          </li>
          <li
            class="row"
          >
            <button
              class="cell"
              type="button"
              value="0"
            >
              0
            </button>
            <button
              class="cell"
              type="button"
              value="."
            >
              .
            </button>
            <button
              class="cell"
              type="button"
              value="="
            >
              =
            </button>
            
          </li>
        </ul>
      </div>
    </div>
  </body>,
  "container": <div>
    <h2
      class="ma0 tc mt5 dib w-40 f2"
    >
      Let's do some math.
    </h2>
    <div
      id="calculator"
    >
      <small
        class="f5"
        role="note"
      />
      <section
        id="result-section"
      >
        <span
          id="result"
          role="math"
        >
          0
        </span>
      </section>
      <ul
        id="opertations-section"
      >
        <li
          class="row"
        >
          <button
            class="cell"
            type="button"
            value="AC"
          >
            AC
          </button>
          <button
            class="cell"
            type="button"
            value="+/-"
          >
            +/-
          </button>
          <button
            class="cell"
            type="button"
            value="%"
          >
            %
          </button>
          <button
            class="cell"
            type="button"
            value="รท"
          >
            รท
          </button>
        </li>
        <li
          class="row"
        >
          <button
            class="cell"
            type="button"
            value="7"
          >
            7
          </button>
          <button
            class="cell"
            type="button"
            value="8"
          >
            8
          </button>
          <button
            class="cell"
            type="button"
            value="9"
          >
            9
          </button>
          <button
            class="cell"
            type="button"
            value="x"
          >
            x
          </button>
        </li>
        <li
          class="row"
        >
          <button
            class="cell"
            type="button"
            value="4"
          >
            4
          </button>
          <button
            class="cell"
            type="button"
            value="5"
          >
            5
          </button>
          <button
            class="cell"
            type="button"
            value="6"
          >
            6
          </button>
          <button
            class="cell"
            type="button"
            value="-"
          >
            -
          </button>
        </li>
        <li
          class="row"
        >
          <button
            class="cell"
            type="button"
            value="1"
          >
            1
          </button>
          <button
            class="cell"
            type="button"
            value="2"
          >
            2
          </button>
          <button
            class="cell"
            type="button"
            value="3"
          >
            3
          </button>
          <button
            class="cell"
            type="button"
            value="+"
          >
            +
          </button>
        </li>
        <li
          class="row"
        >
          <button
            class="cell"
            type="button"
            value="0"
          >
            0
          </button>
          <button
            class="cell"
            type="button"
            value="."
          >
            .
          </button>
          <button
            class="cell"
            type="button"
            value="="
          >
            =
          </button>
          
        </li>
      </ul>
    </div>
  </div>,
  "debug": [Function],
  "findAllByAltText": [Function],
  "findAllByDisplayValue": [Function],
  "findAllByLabelText": [Function],
  "findAllByPlaceholderText": [Function],
  "findAllByRole": [Function],
  "findAllByTestId": [Function],
  "findAllByText": [Function],
  "findAllByTitle": [Function],
  "findByAltText": [Function],
  "findByDisplayValue": [Function],
  "findByLabelText": [Function],
  "findByPlaceholderText": [Function],
  "findByRole": [Function],
  "findByTestId": [Function],
  "findByText": [Function],
  "findByTitle": [Function],
  "getAllByAltText": [Function],
  "getAllByDisplayValue": [Function],
  "getAllByLabelText": [Function],
  "getAllByPlaceholderText": [Function],
  "getAllByRole": [Function],
  "getAllByTestId": [Function],
  "getAllByText": [Function],
  "getAllByTitle": [Function],
  "getByAltText": [Function],
  "getByDisplayValue": [Function],
  "getByLabelText": [Function],
  "getByPlaceholderText": [Function],
  "getByRole": [Function],
  "getByTestId": [Function],
  "getByText": [Function],
  "getByTitle": [Function],
  "queryAllByAltText": [Function],
  "queryAllByDisplayValue": [Function],
  "queryAllByLabelText": [Function],
  "queryAllByPlaceholderText": [Function],
  "queryAllByRole": [Function],
  "queryAllByTestId": [Function],
  "queryAllByText": [Function],
  "queryAllByTitle": [Function],
  "queryByAltText": [Function],
  "queryByDisplayValue": [Function],
  "queryByLabelText": [Function],
  "queryByPlaceholderText": [Function],
  "queryByRole": [Function],
  "queryByTestId": [Function],
  "queryByText": [Function],
  "queryByTitle": [Function],
  "rerender": [Function],
  "unmount": [Function],
}
`;
